// Jest Snapshot v1, https://goo.gl/fbAQLP

exports[`renders learn react link 1`] = `
.c0 {
  background: purple;
}
<div
  class="c0"
>
  <h1>
    Deus Ã© fiel
  </h1>
</div>
`;
