// Jest Snapshot v1, https://goo.gl/fbAQLP

exports[`<Text /> should match snapshot 1`] = `
.c0 {
  font-size: 2.4rem;
}

<p
  class="c0"
>
  Lorem ipsum dolor, sit amet consectetur adipisicing elit. Laboriosam quam tenetur alias animi in atque dolorem! Hic voluptatibus inventore quas reiciendis accusantium facere, similique nobis impedit.Excepturi itaque doloribus facere!
</p>
`;
